[      19ms] [INFO] [rsbuild] WebSocket connecting... @ http://localhost:3000/static/js/vendors-node_modules_react-lazy-with-preload_lib_index_js-node_modules_rsbuild_core_dist_clie-2195c5.js:2070
[      36ms] [INFO] %cDownload the React DevTools for a better development experience: https://react.dev/link/react-devtools font-weight:bold @ http://localhost:3000/static/js/lib-react.js:28357
[      44ms] [INFO] [rsbuild] WebSocket connected. @ http://localhost:3000/static/js/vendors-node_modules_react-lazy-with-preload_lib_index_js-node_modules_rsbuild_core_dist_clie-2195c5.js:2070
[   51810ms] [ERROR] Unable to preventDefault inside passive event listener invocation. @ http://localhost:3000/static/js/lib-react.js:3742
[   51829ms] TypeError: Cannot read properties of null (reading 'getBoundingClientRect')
    at http://localhost:3000/static/js/async/node_modules_rspress_runtime_temp-0_mdx.js:732:42
    at basicStateReducer (http://localhost:3000/static/js/lib-react.js:8289:45)
    at updateReducerImpl (http://localhost:3000/static/js/lib-react.js:8402:17)
    at updateReducer (http://localhost:3000/static/js/lib-react.js:8322:14)
    at Object.useState (http://localhost:3000/static/js/lib-react.js:26865:18)
    at exports.useState (http://localhost:3000/static/js/lib-react.js:30614:34)
    at usePanZoom (http://localhost:3000/static/js/async/node_modules_rspress_runtime_temp-0_mdx.js:713:72)
    at CanvasRenderer (http://localhost:3000/static/js/async/node_modules_rspress_runtime_temp-0_mdx.js:468:144)
    at Object.react_stack_bottom_frame (http://localhost:3000/static/js/lib-react.js:26258:20)
    at renderWithHooks (http://localhost:3000/static/js/lib-react.js:8016:22)
[   51827ms] [WARNING] %s

%s
 An error occurred in the <CanvasRenderer> component. Consider adding an error boundary to your tree to customize error handling behavior.
Visit https://react.dev/link/error-boundaries to learn more about error boundaries. @ http://localhost:3000/static/js/lib-react.js:9715
[   53580ms] [INFO] [rsbuild] WebSocket connecting... @ http://localhost:3000/static/js/vendors-node_modules_react-lazy-with-preload_lib_index_js-node_modules_rsbuild_core_dist_clie-2195c5.js:2070
[   53651ms] [INFO] %cDownload the React DevTools for a better development experience: https://react.dev/link/react-devtools font-weight:bold @ http://localhost:3000/static/js/lib-react.js:28357
[   53670ms] [INFO] [rsbuild] WebSocket connected. @ http://localhost:3000/static/js/vendors-node_modules_react-lazy-with-preload_lib_index_js-node_modules_rsbuild_core_dist_clie-2195c5.js:2070
[   58848ms] [ERROR] Unable to preventDefault inside passive event listener invocation. @ http://localhost:3000/static/js/lib-react.js:3742
[   58861ms] TypeError: Cannot read properties of null (reading 'getBoundingClientRect')
    at http://localhost:3000/static/js/async/node_modules_rspress_runtime_temp-0_mdx.js:732:42
    at basicStateReducer (http://localhost:3000/static/js/lib-react.js:8289:45)
    at updateReducerImpl (http://localhost:3000/static/js/lib-react.js:8402:17)
    at updateReducer (http://localhost:3000/static/js/lib-react.js:8322:14)
    at Object.useState (http://localhost:3000/static/js/lib-react.js:26865:18)
    at exports.useState (http://localhost:3000/static/js/lib-react.js:30961:34)
    at usePanZoom (http://localhost:3000/static/js/async/node_modules_rspress_runtime_temp-0_mdx.js:713:72)
    at CanvasRenderer (http://localhost:3000/static/js/async/node_modules_rspress_runtime_temp-0_mdx.js:468:144)
    at Object.react_stack_bottom_frame (http://localhost:3000/static/js/lib-react.js:26258:20)
    at renderWithHooks (http://localhost:3000/static/js/lib-react.js:8016:22)
[   58861ms] [WARNING] %s

%s
 An error occurred in the <CanvasRenderer> component. Consider adding an error boundary to your tree to customize error handling behavior.
Visit https://react.dev/link/error-boundaries to learn more about error boundaries. @ http://localhost:3000/static/js/lib-react.js:9715
[   61810ms] [INFO] [rsbuild] WebSocket connecting... @ http://localhost:3000/static/js/vendors-node_modules_react-lazy-with-preload_lib_index_js-node_modules_rsbuild_core_dist_clie-2195c5.js:2070
[   61822ms] [INFO] %cDownload the React DevTools for a better development experience: https://react.dev/link/react-devtools font-weight:bold @ http://localhost:3000/static/js/lib-react.js:28357
[   61828ms] [INFO] [rsbuild] WebSocket connected. @ http://localhost:3000/static/js/vendors-node_modules_react-lazy-with-preload_lib_index_js-node_modules_rsbuild_core_dist_clie-2195c5.js:2070
[   89885ms] [INFO] [rsbuild] WebSocket connecting... @ http://localhost:3000/static/js/vendors-node_modules_react-lazy-with-preload_lib_index_js-node_modules_rsbuild_core_dist_clie-2195c5.js:2070
[   89926ms] [INFO] %cDownload the React DevTools for a better development experience: https://react.dev/link/react-devtools font-weight:bold @ http://localhost:3000/static/js/lib-react.js:28357
[   89946ms] [INFO] [rsbuild] WebSocket connected. @ http://localhost:3000/static/js/vendors-node_modules_react-lazy-with-preload_lib_index_js-node_modules_rsbuild_core_dist_clie-2195c5.js:2070
[   90793ms] [INFO] [rsbuild] WebSocket connecting... @ http://localhost:3000/static/js/vendors-node_modules_react-lazy-with-preload_lib_index_js-node_modules_rsbuild_core_dist_clie-2195c5.js:2070
[   90807ms] [INFO] %cDownload the React DevTools for a better development experience: https://react.dev/link/react-devtools font-weight:bold @ http://localhost:3000/static/js/lib-react.js:28357
[   90812ms] [INFO] [rsbuild] WebSocket connected. @ http://localhost:3000/static/js/vendors-node_modules_react-lazy-with-preload_lib_index_js-node_modules_rsbuild_core_dist_clie-2195c5.js:2070
[  157981ms] [ERROR] React has detected a change in the order of Hooks called by %s. This will lead to bugs and errors if not fixed. For more information, read the Rules of Hooks: https://react.dev/link/rules-of-hooks

   Previous render            Next render
   ------------------------------------------------------
%s   ^^^^^^^^^^^^^^^^^^^^^^^^^^^^^^^^^^^^^^^^^^^^^^^^^^^^^^
 CanvasRenderer 1. useState                   useState
2. useState                   useState
3. useRef                     useRef
4. useRef                     useRef
5. useCallback                useCallback
6. useCallback                useCallback
7. useCallback                useCallback
8. useCallback                useCallback
9. useCallback                useCallback
10. useMemo                   useCallback
 @ http://localhost:3000/static/js/lib-react.js:7922
[  157987ms] Error: Rendered more hooks than during the previous render.
    at updateWorkInProgressHook (http://localhost:3000/static/js/lib-react.js:8202:17)
    at updateCallback (http://localhost:3000/static/js/lib-react.js:9120:18)
    at Object.useCallback (http://localhost:3000/static/js/lib-react.js:26805:16)
    at exports.useCallback (http://localhost:3000/static/js/lib-react.js:30902:34)
    at usePanZoom (http://localhost:3000/node_modules_rspress_runtime_temp-0_mdx.1e911793ae698f20.hot-update.js:80:59)
    at CanvasRenderer (http://localhost:3000/static/js/async/node_modules_rspress_runtime_temp-0_mdx.js:468:144)
    at Object.react_stack_bottom_frame (http://localhost:3000/static/js/lib-react.js:26258:20)
    at renderWithHooks (http://localhost:3000/static/js/lib-react.js:8016:22)
    at updateFunctionComponent (http://localhost:3000/static/js/lib-react.js:10520:19)
    at beginWork (http://localhost:3000/static/js/lib-react.js:12132:18)
[  157986ms] [WARNING] %s

%s
 An error occurred in the <CanvasRenderer> component. Consider adding an error boundary to your tree to customize error handling behavior.
Visit https://react.dev/link/error-boundaries to learn more about error boundaries. @ http://localhost:3000/static/js/lib-react.js:9715
[  326060ms] [INFO] [rsbuild] WebSocket connection lost. Reconnecting... @ http://localhost:3000/static/js/vendors-node_modules_react-lazy-with-preload_lib_index_js-node_modules_rsbuild_core_dist_clie-2195c5.js:2070
[  327562ms] [ERROR] WebSocket connection to 'ws://localhost:3000/rsbuild-hmr?token=808c34190231421c' failed: Error in connection establishment: net::ERR_CONNECTION_REFUSED @ http://localhost:3000/static/js/vendors-node_modules_react-lazy-with-preload_lib_index_js-node_modules_rsbuild_core_dist_clie-2195c5.js:2339
[  329815ms] [ERROR] WebSocket connection to 'ws://localhost:3000/rsbuild-hmr?token=808c34190231421c' failed: Error in connection establishment: net::ERR_CONNECTION_REFUSED @ http://localhost:3000/static/js/vendors-node_modules_react-lazy-with-preload_lib_index_js-node_modules_rsbuild_core_dist_clie-2195c5.js:2339
[  333193ms] [ERROR] WebSocket connection to 'ws://localhost:3000/rsbuild-hmr?token=808c34190231421c' failed: Error in connection establishment: net::ERR_CONNECTION_REFUSED @ http://localhost:3000/static/js/vendors-node_modules_react-lazy-with-preload_lib_index_js-node_modules_rsbuild_core_dist_clie-2195c5.js:2339
[  338259ms] [ERROR] WebSocket connection to 'ws://localhost:3000/rsbuild-hmr?token=808c34190231421c' failed: Error in connection establishment: net::ERR_CONNECTION_REFUSED @ http://localhost:3000/static/js/vendors-node_modules_react-lazy-with-preload_lib_index_js-node_modules_rsbuild_core_dist_clie-2195c5.js:2339
[  345857ms] [ERROR] WebSocket connection to 'ws://localhost:3000/rsbuild-hmr?token=808c34190231421c' failed: Error in connection establishment: net::ERR_CONNECTION_REFUSED @ http://localhost:3000/static/js/vendors-node_modules_react-lazy-with-preload_lib_index_js-node_modules_rsbuild_core_dist_clie-2195c5.js:2339
[  357252ms] [ERROR] WebSocket connection to 'ws://localhost:3000/rsbuild-hmr?token=808c34190231421c' failed: Error in connection establishment: net::ERR_CONNECTION_REFUSED @ http://localhost:3000/static/js/vendors-node_modules_react-lazy-with-preload_lib_index_js-node_modules_rsbuild_core_dist_clie-2195c5.js:2339
[  374345ms] [ERROR] WebSocket connection to 'ws://localhost:3000/rsbuild-hmr?token=808c34190231421c' failed: Error in connection establishment: net::ERR_CONNECTION_REFUSED @ http://localhost:3000/static/js/vendors-node_modules_react-lazy-with-preload_lib_index_js-node_modules_rsbuild_core_dist_clie-2195c5.js:2339
[  399993ms] [ERROR] WebSocket connection to 'ws://localhost:3000/rsbuild-hmr?token=808c34190231421c' failed: Error in connection establishment: net::ERR_CONNECTION_REFUSED @ http://localhost:3000/static/js/vendors-node_modules_react-lazy-with-preload_lib_index_js-node_modules_rsbuild_core_dist_clie-2195c5.js:2339
[  438455ms] [ERROR] WebSocket connection to 'ws://localhost:3000/rsbuild-hmr?token=808c34190231421c' failed: Error in connection establishment: net::ERR_CONNECTION_REFUSED @ http://localhost:3000/static/js/vendors-node_modules_react-lazy-with-preload_lib_index_js-node_modules_rsbuild_core_dist_clie-2195c5.js:2339
