[      66ms] [INFO] [rsbuild] WebSocket connecting... @ http://localhost:3000/static/js/vendors-node_modules_react-lazy-with-preload_lib_index_js-node_modules_rsbuild_core_dist_clie-2195c5.js:2070
[     140ms] [INFO] %cDownload the React DevTools for a better development experience: https://react.dev/link/react-devtools font-weight:bold @ http://localhost:3000/static/js/lib-react.js:28357
[     162ms] [INFO] [rsbuild] WebSocket connected. @ http://localhost:3000/static/js/vendors-node_modules_react-lazy-with-preload_lib_index_js-node_modules_rsbuild_core_dist_clie-2195c5.js:2070
[   26398ms] [INFO] [rsbuild] WebSocket connecting... @ http://localhost:3000/static/js/vendors-node_modules_react-lazy-with-preload_lib_index_js-node_modules_rsbuild_core_dist_clie-2195c5.js:2070
[   26417ms] [INFO] %cDownload the React DevTools for a better development experience: https://react.dev/link/react-devtools font-weight:bold @ http://localhost:3000/static/js/lib-react.js:28357
[   26427ms] [INFO] [rsbuild] WebSocket connected. @ http://localhost:3000/static/js/vendors-node_modules_react-lazy-with-preload_lib_index_js-node_modules_rsbuild_core_dist_clie-2195c5.js:2070
[   26959ms] [INFO] [rsbuild] WebSocket connecting... @ http://localhost:3000/static/js/vendors-node_modules_react-lazy-with-preload_lib_index_js-node_modules_rsbuild_core_dist_clie-2195c5.js:2070
[   26996ms] [INFO] %cDownload the React DevTools for a better development experience: https://react.dev/link/react-devtools font-weight:bold @ http://localhost:3000/static/js/lib-react.js:28357
[   27005ms] [INFO] [rsbuild] WebSocket connected. @ http://localhost:3000/static/js/vendors-node_modules_react-lazy-with-preload_lib_index_js-node_modules_rsbuild_core_dist_clie-2195c5.js:2070
[   27238ms] [INFO] [rsbuild] WebSocket connecting... @ http://localhost:3000/static/js/vendors-node_modules_react-lazy-with-preload_lib_index_js-node_modules_rsbuild_core_dist_clie-2195c5.js:2070
[   27248ms] [INFO] %cDownload the React DevTools for a better development experience: https://react.dev/link/react-devtools font-weight:bold @ http://localhost:3000/static/js/lib-react.js:28357
[   27254ms] [INFO] [rsbuild] WebSocket connected. @ http://localhost:3000/static/js/vendors-node_modules_react-lazy-with-preload_lib_index_js-node_modules_rsbuild_core_dist_clie-2195c5.js:2070
[  136269ms] [INFO] [rsbuild] WebSocket connecting... @ http://localhost:3000/static/js/vendors-node_modules_react-lazy-with-preload_lib_index_js-node_modules_rsbuild_core_dist_clie-2195c5.js:2070
[  136285ms] [INFO] %cDownload the React DevTools for a better development experience: https://react.dev/link/react-devtools font-weight:bold @ http://localhost:3000/static/js/lib-react.js:28357
[  136291ms] [INFO] [rsbuild] WebSocket connected. @ http://localhost:3000/static/js/vendors-node_modules_react-lazy-with-preload_lib_index_js-node_modules_rsbuild_core_dist_clie-2195c5.js:2070
[  136968ms] [INFO] [rsbuild] WebSocket connecting... @ http://localhost:3000/static/js/vendors-node_modules_react-lazy-with-preload_lib_index_js-node_modules_rsbuild_core_dist_clie-2195c5.js:2070
[  136989ms] [INFO] %cDownload the React DevTools for a better development experience: https://react.dev/link/react-devtools font-weight:bold @ http://localhost:3000/static/js/lib-react.js:28357
[  137004ms] [INFO] [rsbuild] WebSocket connected. @ http://localhost:3000/static/js/vendors-node_modules_react-lazy-with-preload_lib_index_js-node_modules_rsbuild_core_dist_clie-2195c5.js:2070
[  137066ms] [INFO] [rsbuild] WebSocket connecting... @ http://localhost:3000/static/js/vendors-node_modules_react-lazy-with-preload_lib_index_js-node_modules_rsbuild_core_dist_clie-2195c5.js:2070
[  137083ms] [INFO] %cDownload the React DevTools for a better development experience: https://react.dev/link/react-devtools font-weight:bold @ http://localhost:3000/static/js/lib-react.js:28357
[  137088ms] [INFO] [rsbuild] WebSocket connected. @ http://localhost:3000/static/js/vendors-node_modules_react-lazy-with-preload_lib_index_js-node_modules_rsbuild_core_dist_clie-2195c5.js:2070
[  137239ms] [INFO] [rsbuild] WebSocket connecting... @ http://localhost:3000/static/js/vendors-node_modules_react-lazy-with-preload_lib_index_js-node_modules_rsbuild_core_dist_clie-2195c5.js:2070
[  137268ms] [INFO] %cDownload the React DevTools for a better development experience: https://react.dev/link/react-devtools font-weight:bold @ http://localhost:3000/static/js/lib-react.js:28357
[  137279ms] [INFO] [rsbuild] WebSocket connected. @ http://localhost:3000/static/js/vendors-node_modules_react-lazy-with-preload_lib_index_js-node_modules_rsbuild_core_dist_clie-2195c5.js:2070
[  137416ms] [INFO] [rsbuild] WebSocket connecting... @ http://localhost:3000/static/js/vendors-node_modules_react-lazy-with-preload_lib_index_js-node_modules_rsbuild_core_dist_clie-2195c5.js:2070
[  137426ms] [INFO] %cDownload the React DevTools for a better development experience: https://react.dev/link/react-devtools font-weight:bold @ http://localhost:3000/static/js/lib-react.js:28357
[  137436ms] [INFO] [rsbuild] WebSocket connected. @ http://localhost:3000/static/js/vendors-node_modules_react-lazy-with-preload_lib_index_js-node_modules_rsbuild_core_dist_clie-2195c5.js:2070
[  347838ms] [INFO] [rsbuild] WebSocket connecting... @ http://localhost:3000/static/js/vendors-node_modules_react-lazy-with-preload_lib_index_js-node_modules_rsbuild_core_dist_clie-2195c5.js:2070
[  347852ms] [INFO] %cDownload the React DevTools for a better development experience: https://react.dev/link/react-devtools font-weight:bold @ http://localhost:3000/static/js/lib-react.js:28357
[  347860ms] [INFO] [rsbuild] WebSocket connected. @ http://localhost:3000/static/js/vendors-node_modules_react-lazy-with-preload_lib_index_js-node_modules_rsbuild_core_dist_clie-2195c5.js:2070
